
========================================================================
Time: 2026-06-18T14:04:27
To: daggupatikoukar+student@gmail.com
Subject: Ticket #18 received

Hello Rahul Kumar,

Your ticket has been raised successfully in the Cyient Foundation CRM portal.

Ticket ID: #18
Subject: E2E Test Ticket
Category: General
Priority: High
Status: Open

Our team will review it and update you soon.

Thank you,
Cyient Foundation CRM


[SMTP fallback] (535, b'5.7.8 Username and Password not accepted. For more information, go to\n5.7.8  https://support.google.com/mail/?p=BadCredentials d9443c01a7336-2c42f1f0f19sm190649765ad.10 - gsmtp')

========================================================================
Time: 2026-06-18T14:04:30
To: daggupatikoukar+admin@gmail.com
Subject: New ticket #18 raised by Rahul Kumar

Hello Pavan Kumar,

A new ticket has been raised in the Cyient Foundation CRM portal.

Raised by: Rahul Kumar
Role: Student
Email: daggupatikoukar+student@gmail.com
Ticket ID: #18
Subject: E2E Test Ticket
Category: General
Priority: High
Status: Open

Description:
Testing the notification flow

Please review the ticket in the admin portal.

Thank you,
Cyient Foundation CRM


[SMTP fallback] (535, b'5.7.8 Username and Password not accepted. For more information, go to\n5.7.8  https://support.google.com/mail/?p=BadCredentials d9443c01a7336-2c42fca9f44sm200112395ad.37 - gsmtp')

========================================================================
Time: 2026-06-18T14:04:33
To: daggupatikoukar+admin2@gmail.com
Subject: New ticket #18 raised by Rahul Kumar

Hello Priya Sharma,

A new ticket has been raised in the Cyient Foundation CRM portal.

Raised by: Rahul Kumar
Role: Student
Email: daggupatikoukar+student@gmail.com
Ticket ID: #18
Subject: E2E Test Ticket
Category: General
Priority: High
Status: Open

Description:
Testing the notification flow

Please review the ticket in the admin portal.

Thank you,
Cyient Foundation CRM


[SMTP fallback] (535, b'5.7.8 Username and Password not accepted. For more information, go to\n5.7.8  https://support.google.com/mail/?p=BadCredentials 98e67ed59e1d1-37c521aa164sm8842088a91.1 - gsmtp')

========================================================================
Time: 2026-06-18T14:04:36
To: daggupatikoukar+admin3@gmail.com
Subject: New ticket #18 raised by Rahul Kumar

Hello Vikram Singh,

A new ticket has been raised in the Cyient Foundation CRM portal.

Raised by: Rahul Kumar
Role: Student
Email: daggupatikoukar+student@gmail.com
Ticket ID: #18
Subject: E2E Test Ticket
Category: General
Priority: High
Status: Open

Description:
Testing the notification flow

Please review the ticket in the admin portal.

Thank you,
Cyient Foundation CRM


[SMTP fallback] (535, b'5.7.8 Username and Password not accepted. For more information, go to\n5.7.8  https://support.google.com/mail/?p=BadCredentials d2e1a72fcca58-84537cdc8aasm2242707b3a.39 - gsmtp')

========================================================================
Time: 2026-06-18T14:04:39
To: daggupatikoukar+admin4@gmail.com
Subject: New ticket #18 raised by Rahul Kumar

Hello Sunita Rao,

A new ticket has been raised in the Cyient Foundation CRM portal.

Raised by: Rahul Kumar
Role: Student
Email: daggupatikoukar+student@gmail.com
Ticket ID: #18
Subject: E2E Test Ticket
Category: General
Priority: High
Status: Open

Description:
Testing the notification flow

Please review the ticket in the admin portal.

Thank you,
Cyient Foundation CRM


[SMTP fallback] (535, b'5.7.8 Username and Password not accepted. For more information, go to\n5.7.8  https://support.google.com/mail/?p=BadCredentials d9443c01a7336-2c6cd460a1csm32721385ad.82 - gsmtp')

========================================================================
Time: 2026-06-18T14:04:42
To: daggupatikoukar+student@gmail.com
Subject: Your ticket #18 has been updated

Hello Rahul Kumar,

Your ticket has been updated by the Cyient Foundation CRM team.

Ticket: E2E Test Ticket
Status: Resolved

Response:
We have fixed the issue.

Thank you,
Cyient Foundation CRM


[SMTP fallback] (535, b'5.7.8 Username and Password not accepted. For more information, go to\n5.7.8  https://support.google.com/mail/?p=BadCredentials 41be03b00d2f7-c86651af0edsm16022410a12.32 - gsmtp')

========================================================================
Time: 2026-06-18T14:07:54
To: daggupatikoukar+student@gmail.com
Subject: Ticket #19 received

Hello Rahul Kumar,

Your ticket has been raised successfully in the Cyient Foundation CRM portal.

Ticket ID: #19
Subject: E2E Test Ticket
Category: General
Priority: High
Status: Open

Our team will review it and update you soon.

Thank you,
Cyient Foundation CRM


[SMTP fallback] (535, b'5.7.8 Username and Password not accepted. For more information, go to\n5.7.8  https://support.google.com/mail/?p=BadCredentials 41be03b00d2f7-c8661b5e974sm16470239a12.4 - gsmtp')

========================================================================
Time: 2026-06-18T14:07:57
To: daggupatikoukar+admin@gmail.com
Subject: New ticket #19 raised by Rahul Kumar

Hello Pavan Kumar,

A new ticket has been raised in the Cyient Foundation CRM portal.

Raised by: Rahul Kumar
Role: Student
Email: daggupatikoukar+student@gmail.com
Ticket ID: #19
Subject: E2E Test Ticket
Category: General
Priority: High
Status: Open

Description:
Testing the notification flow

Please review the ticket in the admin portal.

Thank you,
Cyient Foundation CRM


[SMTP fallback] (535, b'5.7.8 Username and Password not accepted. For more information, go to\n5.7.8  https://support.google.com/mail/?p=BadCredentials 98e67ed59e1d1-37ce7ac8a15sm845030a91.0 - gsmtp')

========================================================================
Time: 2026-06-18T14:08:00
To: daggupatikoukar+admin2@gmail.com
Subject: New ticket #19 raised by Rahul Kumar

Hello Priya Sharma,

A new ticket has been raised in the Cyient Foundation CRM portal.

Raised by: Rahul Kumar
Role: Student
Email: daggupatikoukar+student@gmail.com
Ticket ID: #19
Subject: E2E Test Ticket
Category: General
Priority: High
Status: Open

Description:
Testing the notification flow

Please review the ticket in the admin portal.

Thank you,
Cyient Foundation CRM


[SMTP fallback] (535, b'5.7.8 Username and Password not accepted. For more information, go to\n5.7.8  https://support.google.com/mail/?p=BadCredentials d9443c01a7336-2c6a1878426sm73081525ad.64 - gsmtp')

========================================================================
Time: 2026-06-18T14:08:03
To: daggupatikoukar+admin3@gmail.com
Subject: New ticket #19 raised by Rahul Kumar

Hello Vikram Singh,

A new ticket has been raised in the Cyient Foundation CRM portal.

Raised by: Rahul Kumar
Role: Student
Email: daggupatikoukar+student@gmail.com
Ticket ID: #19
Subject: E2E Test Ticket
Category: General
Priority: High
Status: Open

Description:
Testing the notification flow

Please review the ticket in the admin portal.

Thank you,
Cyient Foundation CRM


[SMTP fallback] (535, b'5.7.8 Username and Password not accepted. For more information, go to\n5.7.8  https://support.google.com/mail/?p=BadCredentials d9443c01a7336-2c432c8becesm194407525ad.56 - gsmtp')

========================================================================
Time: 2026-06-18T14:08:06
To: daggupatikoukar+admin4@gmail.com
Subject: New ticket #19 raised by Rahul Kumar

Hello Sunita Rao,

A new ticket has been raised in the Cyient Foundation CRM portal.

Raised by: Rahul Kumar
Role: Student
Email: daggupatikoukar+student@gmail.com
Ticket ID: #19
Subject: E2E Test Ticket
Category: General
Priority: High
Status: Open

Description:
Testing the notification flow

Please review the ticket in the admin portal.

Thank you,
Cyient Foundation CRM


[SMTP fallback] (535, b'5.7.8 Username and Password not accepted. For more information, go to\n5.7.8  https://support.google.com/mail/?p=BadCredentials d2e1a72fcca58-8434b055095sm22249008b3a.57 - gsmtp')

========================================================================
Time: 2026-06-18T14:08:09
To: daggupatikoukar+student@gmail.com
Subject: Your ticket #19 has been updated

Hello Rahul Kumar,

Your ticket has been updated by the Cyient Foundation CRM team.

Ticket: E2E Test Ticket
Status: Resolved

Response:
We have fixed the issue.

Thank you,
Cyient Foundation CRM


[SMTP fallback] (535, b'5.7.8 Username and Password not accepted. For more information, go to\n5.7.8  https://support.google.com/mail/?p=BadCredentials d2e1a72fcca58-8434ac9c4c0sm16868279b3a.3 - gsmtp')
